<html>
<body>
<pre>
<h1>µVision Build Log</h1>
<h2>Tool Versions:</h2>
IDE-Version: ¦ÌVision V5.14.0.0
Copyright (C) 2015 ARM Ltd and ARM Germany GmbH. All rights reserved.
License Information: Allen Chen, RM, LIC=8MZ9U-ST82P-EYUVT-RXUQR-H6EJ7-MYQRR
 
Tool Versions:
Toolchain:       MDK-ARM Professional  Version: 5.14.0.0
Toolchain Path:  D:\Keil_v5\ARM\ARMCC\Bin
C Compiler:      Armcc.exe V5.05 update 1 (build 106)
Assembler:       Armasm.exe V5.05 update 1 (build 106)
Linker/Locator:  ArmLink.exe V5.05 update 1 (build 106)
Library Manager: ArmAr.exe V5.05 update 1 (build 106)
Hex Converter:   FromElf.exe V5.05 update 1 (build 106)
CPU DLL:         SARMCM3.DLL V5.14.0.0
Dialog DLL:      DCM.DLL V1.13.1.0
Target DLL:      STLink\ST-LINKIII-KEIL_SWO.dll V2.0.14.0_KEIL
Dialog DLL:      TCM.DLL V1.14.4.0
 
<h2>Project:</h2>
E:\NT_Infantry\MDK-ARM\NT_Infantry.uvprojx
Project File Date:  01/11/2018

<h2>Output:</h2>
Build target 'NT_Infantry'
compiling stm32f4xx_hal_rcc_ex.c...
compiling stm32f4xx_hal_tim_ex.c...
compiling stm32f4xx_hal_uart.c...
compiling stm32f4xx_hal_flash.c...
compiling stm32f4xx_hal.c...
compiling stm32f4xx_hal_can.c...
compiling stm32f4xx_hal_spi.c...
compiling stm32f4xx_hal_dma_ex.c...
compiling stm32f4xx_hal_pwr_ex.c...
compiling stm32f4xx_hal_rcc.c...
compiling stm32f4xx_hal_cortex.c...
compiling stm32f4xx_hal_flash_ex.c...
compiling stm32f4xx_hal_flash_ramfunc.c...
compiling stm32f4xx_hal_tim.c...
compiling stm32f4xx_hal_gpio.c...
compiling stm32f4xx_hal_dma.c...
compiling stm32f4xx_hal_pwr.c...
compiling CANTask.c...
../Inc/includes.h(32): warning:  #1-D: last line of file ends without a newline
  #endif /* __INCLUDES_H */
..\Tasks\Inc\RemoteTask.h(145): warning:  #1295-D: Deprecated declaration InitRemoteControl - give arg types
  void InitRemoteControl();
..\Tasks\Inc\RemoteTask.h(146): warning:  #1295-D: Deprecated declaration RemoteTaskInit - give arg types
  void RemoteTaskInit();
..\Tasks\Inc\IMUTask.h(146): warning:  #1295-D: Deprecated declaration IMURefresh - give arg types
  void IMURefresh();
..\Tasks\Inc\CANTask.h(56): warning:  #1295-D: Deprecated declaration InitCanReception - give arg types
  void InitCanReception();
..\Tasks\Inc\ShootTask.h(38): warning:  #1-D: last line of file ends without a newline
  #endif /* __SHOOTTASK_H */
../Inc/includes.h(32): warning:  #1-D: last line of file ends without a newline
  #endif /* __INCLUDES_H */
..\Tasks\Src\CANTask.c(170): warning:  #1-D: last line of file ends without a newline
  }
..\Tasks\Src\CANTask.c: 8 warnings, 0 errors
compiling ControlTask.c...
../Inc/includes.h(32): warning:  #1-D: last line of file ends without a newline
  #endif /* __INCLUDES_H */
..\Tasks\Inc\RemoteTask.h(145): warning:  #1295-D: Deprecated declaration InitRemoteControl - give arg types
  void InitRemoteControl();
..\Tasks\Inc\RemoteTask.h(146): warning:  #1295-D: Deprecated declaration RemoteTaskInit - give arg types
  void RemoteTaskInit();
..\Tasks\Inc\IMUTask.h(146): warning:  #1295-D: Deprecated declaration IMURefresh - give arg types
  void IMURefresh();
..\Tasks\Inc\CANTask.h(56): warning:  #1295-D: Deprecated declaration InitCanReception - give arg types
  void InitCanReception();
..\Tasks\Inc\ShootTask.h(38): warning:  #1-D: last line of file ends without a newline
  #endif /* __SHOOTTASK_H */
../Inc/includes.h(32): warning:  #1-D: last line of file ends without a newline
  #endif /* __INCLUDES_H */
..\Tasks\Src\ControlTask.c(342): warning:  #1-D: last line of file ends without a newline
  }
..\Tasks\Src\ControlTask.c: 8 warnings, 0 errors
compiling IMUTask.c...
../Inc/includes.h(32): warning:  #1-D: last line of file ends without a newline
  #endif /* __INCLUDES_H */
..\Tasks\Inc\RemoteTask.h(145): warning:  #1295-D: Deprecated declaration InitRemoteControl - give arg types
  void InitRemoteControl();
..\Tasks\Inc\RemoteTask.h(146): warning:  #1295-D: Deprecated declaration RemoteTaskInit - give arg types
  void RemoteTaskInit();
..\Tasks\Inc\IMUTask.h(146): warning:  #1295-D: Deprecated declaration IMURefresh - give arg types
  void IMURefresh();
..\Tasks\Inc\CANTask.h(56): warning:  #1295-D: Deprecated declaration InitCanReception - give arg types
  void InitCanReception();
..\Tasks\Inc\ShootTask.h(38): warning:  #1-D: last line of file ends without a newline
  #endif /* __SHOOTTASK_H */
../Inc/includes.h(32): warning:  #1-D: last line of file ends without a newline
  #endif /* __INCLUDES_H */
..\Tasks\Src\IMUTask.c(117): warning:  #1-D: last line of file ends without a newline
  }
..\Tasks\Src\IMUTask.c: 8 warnings, 0 errors
compiling pid_regulator.c...
../Inc/includes.h(32): warning:  #1-D: last line of file ends without a newline
  #endif /* __INCLUDES_H */
..\Tasks\Inc\RemoteTask.h(145): warning:  #1295-D: Deprecated declaration InitRemoteControl - give arg types
  void InitRemoteControl();
..\Tasks\Inc\RemoteTask.h(146): warning:  #1295-D: Deprecated declaration RemoteTaskInit - give arg types
  void RemoteTaskInit();
..\Tasks\Inc\IMUTask.h(146): warning:  #1295-D: Deprecated declaration IMURefresh - give arg types
  void IMURefresh();
..\Tasks\Inc\CANTask.h(56): warning:  #1295-D: Deprecated declaration InitCanReception - give arg types
  void InitCanReception();
..\Tasks\Inc\ShootTask.h(38): warning:  #1-D: last line of file ends without a newline
  #endif /* __SHOOTTASK_H */
../Inc/includes.h(32): warning:  #1-D: last line of file ends without a newline
  #endif /* __INCLUDES_H */
..\Tasks\Src\pid_regulator.c: 7 warnings, 0 errors
compiling RemoteTask.c...
../Inc/includes.h(32): warning:  #1-D: last line of file ends without a newline
  #endif /* __INCLUDES_H */
..\Tasks\Inc\RemoteTask.h(145): warning:  #1295-D: Deprecated declaration InitRemoteControl - give arg types
  void InitRemoteControl();
..\Tasks\Inc\RemoteTask.h(146): warning:  #1295-D: Deprecated declaration RemoteTaskInit - give arg types
  void RemoteTaskInit();
..\Tasks\Inc\IMUTask.h(146): warning:  #1295-D: Deprecated declaration IMURefresh - give arg types
  void IMURefresh();
..\Tasks\Inc\CANTask.h(56): warning:  #1295-D: Deprecated declaration InitCanReception - give arg types
  void InitCanReception();
..\Tasks\Inc\ShootTask.h(38): warning:  #1-D: last line of file ends without a newline
  #endif /* __SHOOTTASK_H */
../Inc/includes.h(32): warning:  #1-D: last line of file ends without a newline
  #endif /* __INCLUDES_H */
..\Tasks\Src\RemoteTask.c(125): warning:  #223-D: function "abs" declared implicitly
                        if(abs(ChassisSpeedRef.forward_back_ref) + abs(ChassisSpeedRef.left_right_ref) > 500)
..\Tasks\Src\RemoteTask.c(147): warning:  #223-D: function "abs" declared implicitly
                                if(abs(ChassisSpeedRef.forward_back_ref) + abs(ChassisSpeedRef.left_right_ref) > 400)
..\Tasks\Src\RemoteTask.c: 9 warnings, 0 errors
compiling ShootTask.c...
../Inc/includes.h(32): warning:  #1-D: last line of file ends without a newline
  #endif /* __INCLUDES_H */
..\Tasks\Inc\RemoteTask.h(145): warning:  #1295-D: Deprecated declaration InitRemoteControl - give arg types
  void InitRemoteControl();
..\Tasks\Inc\RemoteTask.h(146): warning:  #1295-D: Deprecated declaration RemoteTaskInit - give arg types
  void RemoteTaskInit();
..\Tasks\Inc\IMUTask.h(146): warning:  #1295-D: Deprecated declaration IMURefresh - give arg types
  void IMURefresh();
..\Tasks\Inc\CANTask.h(56): warning:  #1295-D: Deprecated declaration InitCanReception - give arg types
  void InitCanReception();
..\Tasks\Inc\ShootTask.h(38): warning:  #1-D: last line of file ends without a newline
  #endif /* __SHOOTTASK_H */
../Inc/includes.h(32): warning:  #1-D: last line of file ends without a newline
  #endif /* __INCLUDES_H */
..\Tasks\Src\ShootTask.c(204): warning:  #1-D: last line of file ends without a newline
  }
..\Tasks\Src\ShootTask.c: 8 warnings, 0 errors
compiling system_stm32f4xx.c...
compiling main.c...
../Inc/includes.h(32): warning:  #1-D: last line of file ends without a newline
  #endif /* __INCLUDES_H */
..\Tasks\Inc\RemoteTask.h(145): warning:  #1295-D: Deprecated declaration InitRemoteControl - give arg types
  void InitRemoteControl();
..\Tasks\Inc\RemoteTask.h(146): warning:  #1295-D: Deprecated declaration RemoteTaskInit - give arg types
  void RemoteTaskInit();
..\Tasks\Inc\IMUTask.h(146): warning:  #1295-D: Deprecated declaration IMURefresh - give arg types
  void IMURefresh();
..\Tasks\Inc\CANTask.h(56): warning:  #1295-D: Deprecated declaration InitCanReception - give arg types
  void InitCanReception();
..\Tasks\Inc\ShootTask.h(38): warning:  #1-D: last line of file ends without a newline
  #endif /* __SHOOTTASK_H */
../Inc/includes.h(32): warning:  #1-D: last line of file ends without a newline
  #endif /* __INCLUDES_H */
../Src/main.c: 7 warnings, 0 errors
compiling gpio.c...
compiling usart.c...
compiling stm32f4xx_it.c...
compiling stm32f4xx_hal_msp.c...
compiling dma.c...
compiling tim.c...
compiling can.c...
compiling spi.c...
assembling startup_stm32f427xx.s...
linking...
Program Size: Code=19480 RO-data=512 RW-data=956 ZI-data=1708  
"NT_Infantry\NT_Infantry.axf" - 0 Error(s), 55 Warning(s).

<h2>Software Packages used:</h2>

Package Vendor: ARM
                http://www.keil.com/pack/ARM.CMSIS.4.2.0.pack
                ARM::CMSIS:CORE:3.40.0
                CMSIS (Cortex Microcontroller Software Interface Standard)
   * Component: CORE Version: 3.40.0

<h2>Collection of Component include folders:</h2>
  E:\NT_Infantry\MDK-ARM\RTE
  D:\Keil_v5\ARM\PACK\ARM\CMSIS\4.2.0\CMSIS\Include
  D:\Keil_v5\ARM\PACK\Keil\STM32F4xx_DFP\2.3.0\Drivers\CMSIS\Device\ST\STM32F4xx\Include

<h2>Collection of Component Files used:</h2>

   * Component: ARM::CMSIS:CORE:3.40.0
      Source file:   CMSIS\UserCodeTemplates\ARM\ITM_Retarget.c
</pre>
</body>
</html>
